
  vinext build  (Vite 8.0.13)

[1/5] analyze client references...
[2Ktransforming...✓ 234 modules transformed.
rendering chunks...
✓ built in 609ms
[2/5] analyze server references...
[2Ktransforming...✓ 271 modules transformed.
rendering chunks...
✓ built in 395ms
[3/5] build rsc environment...
[2Ktransforming...✓ 231 modules transformed.
rendering chunks...
computing gzip size...
✓ built in 1.29s
[4/5] build client environment...
[2Ktransforming...✓ 2075 modules transformed.
rendering chunks...
computing gzip size...
✓ built in 3.60s
[5/5] build ssr environment...
[2Ktransforming...✓ 279 modules transformed.
rendering chunks...
computing gzip size...
✓ built in 961ms
[0m
  Route (app)
  ─ ? /

  ? Unknown

  ? Some routes could not be classified. vinext currently uses static analysis
    and cannot detect dynamic API usage (headers(), cookies(), etc.) at build time.
    Automatic classification will be improved in a future release.

  Build complete. Run `vinext start` to start the production server.

