
> sites-project@0.1.0 build
> vinext build


  vinext build  (Vite 8.0.13)

[1/5] analyze client references...
[2K
transforming...✓ 233 modules transformed.
rendering chunks...
✓ built in 660ms
[2/5] analyze server references...
[2K
transforming...✓ 285 modules transformed.
rendering chunks...
✓ built in 372ms
[3/5] build rsc environment...
[2K
transforming...✓ 230 modules transformed.
rendering chunks...
computing gzip size...
✓ built in 1.34s
[4/5] build client environment...
[2K
transforming...✓ 2075 modules transformed.
rendering chunks...
computing gzip size...
[plugin builtin:vite-reporter] 
(!) Some chunks are larger than 500 kB after minification. Consider:
- Using dynamic import() to code-split the application
- Use build.rolldownOptions.output.codeSplitting to improve chunking: https://rolldown.rs/reference/OutputOptions.codeSplitting
- Adjust chunk size limit for this warning via build.chunkSizeWarningLimit.
✓ built in 2.99s
[5/5] build ssr environment...
[2K
transforming...✓ 293 modules transformed.
rendering chunks...
computing gzip size...
✓ built in 857ms
[0m
  Route (app)
  ─ ? /

  ? Unknown

  ? Some routes could not be classified. vinext currently uses static analysis
    and cannot detect dynamic API usage (headers(), cookies(), etc.) at build time.
    Automatic classification will be improved in a future release.
  Build complete. Run `vinext start` to start the production server.

