
> sites-project@0.1.0 build
> vinext build


  vinext build  (Vite 8.0.13)

[1/5] analyze client references...
[2K
transforming...✓ 226 modules transformed.
rendering chunks...
✓ built in 571ms
[2/5] analyze server references...
[2K
transforming...✓ 324 modules transformed.
rendering chunks...
✓ built in 414ms
[3/5] build rsc environment...
[2K
transforming...✓ 223 modules transformed.
rendering chunks...
computing gzip size...
✓ built in 1.08s
[4/5] build client environment...
[2K
transforming...✓ 2123 modules transformed.
rendering chunks...
computing gzip size...
✓ built in 2.01s
[5/5] build ssr environment...
[2K
transforming...✓ 332 modules transformed.
rendering chunks...
computing gzip size...
✓ built in 794ms
[0m
  Route (app)
  ─ ? /

  ? Unknown

  ? Some routes could not be classified. vinext currently uses static analysis
    and cannot detect dynamic API usage (headers(), cookies(), etc.) at build time.
    Automatic classification will be improved in a future release.
  Build complete. Run `vinext start` to start the production server.

