
> sites-project@0.1.0 build
> vinext build


  vinext build  (Vite 8.0.13)

[1/5] analyze client references...
[2Ktransforming...✓ 233 modules transformed.
rendering chunks...
✓ built in 750ms
[2/5] analyze server references...
[2Ktransforming...✓ 282 modules transformed.
rendering chunks...
✓ built in 393ms
[3/5] build rsc environment...
[2Ktransforming...✓ 230 modules transformed.
rendering chunks...
computing gzip size...
✓ built in 1.89s
[4/5] build client environment...
[2Ktransforming...✓ 2075 modules transformed.
rendering chunks...
computing gzip size...
[plugin builtin:vite-reporter] 
(!) Some chunks are larger than 500 kB after minification. Consider:
- Using dynamic import() to code-split the application
- Use build.rolldownOptions.output.codeSplitting to improve chunking: https://rolldown.rs/reference/OutputOptions.codeSplitting
- Adjust chunk size limit for this warning via build.chunkSizeWarningLimit.
[33m[PLUGIN_TIMINGS] [0mYour build spent significant time in plugins. Here is a breakdown:
  - vinext:css-data-url (24%)
  - vinext:og-inline-fetch-assets (12%)
  - rsc:virtual-client-package (11%)
  - alias (11%)
  - vinext:middleware-server-only (10%)
See https://rolldown.rs/options/checks#plugintimings for more details.

✓ built in 3.14s
[5/5] build ssr environment...
[2Ktransforming...✓ 290 modules transformed.
rendering chunks...
computing gzip size...
✓ built in 909ms
[0m
  Route (app)
  ─ ? /

  ? Unknown

  ? Some routes could not be classified. vinext currently uses static analysis
    and cannot detect dynamic API usage (headers(), cookies(), etc.) at build time.
    Automatic classification will be improved in a future release.

  Build complete. Run `vinext start` to start the production server.


