aerender version 25.4x86
PROGRESS: Launching After Effects...
PROGRESS: Adding specified comp to Render Queue
PROGRESS:  2026-09-11 ¿ÀÈÄ 1:15:10: Starting composition ¡°TITAN_TwoCuts_Devices_Kinetic_3s_v003¡±.

PROGRESS:  Render Settings: Best Settings
PROGRESS:  Quality: Best
PROGRESS:  Resolution: Full
PROGRESS:  Size: 2400 x 1024
PROGRESS:  Proxy Use: Use No Proxies
PROGRESS:  Effects: Current Settings
PROGRESS:  Disk Cache: Read Only
PROGRESS:  Color Depth: Current Settings
PROGRESS:  Frame Blending: On for Checked Layers
PROGRESS:  Field Render: Off
PROGRESS:  Pulldown: Off
PROGRESS:  Motion Blur: On for Checked Layers
PROGRESS:   
PROGRESS:  Solos: Current Settings
PROGRESS:  Time Span: Custom
PROGRESS:  Start: 00018
PROGRESS:  End: 00075
PROGRESS:  Duration: 00058
PROGRESS:  Frame Rate: 30.00 (comp)
PROGRESS:  Guide Layers: All Off
PROGRESS:  Skip Existing Files: Off
PROGRESS:  
PROGRESS:  Output Module: PNG Image
PROGRESS:  Output To: E:\codexwork\Site-Skin-edit\generated-images\titan-ae-two-cuts-20260911-114818\ae-output-v003-devices\qa\layout-v01-[###].png
PROGRESS:  Format: PNG
PROGRESS:  Output Info: -
PROGRESS:  Start Frame: 18
PROGRESS:  Output Audio: -
PROGRESS:  Channels: RGB + Alpha
PROGRESS:  Depth: Millions of Colors+
PROGRESS:  Color: Straight
PROGRESS:  Resize: -
PROGRESS:  Crop: -
PROGRESS:  Final Size: 2400 x 1024
PROGRESS:  Profile: -
PROGRESS:  Embed Profile: 
PROGRESS:   
PROGRESS:  Post-Render Action: None
PROGRESS:   
PROGRESS:   
PROGRESS:   
PROGRESS:  
PROGRESS:  00018 (1): 1 Seconds
