
> sites-project@0.1.0 build
> vinext build


  vinext build  (Vite 8.0.13)

[1/5] analyze client references...
[2K
transforming...✓ 226 modules transformed.
rendering chunks...
✓ built in 894ms
[2/5] analyze server references...
[2K
transforming...✓ 324 modules transformed.
rendering chunks...
✓ built in 627ms
[3/5] build rsc environment...
[2K
transforming...✓ 223 modules transformed.
rendering chunks...
computing gzip size...
✓ built in 1.54s
[4/5] build client environment...
[2K
transforming...✓ 2123 modules transformed.
rendering chunks...
computing gzip size...
[PLUGIN_TIMINGS] Your build spent significant time in plugins. Here is a breakdown:
  - alias (15%)
  - vinext:css-data-url (14%)
  - rsc:virtual-client-package (12%)
  - vinext:middleware-server-only (11%)
  - vinext:og-inline-fetch-assets (10%)
See https://rolldown.rs/options/checks#plugintimings for more details.

✓ built in 3.19s
[5/5] build ssr environment...
[2K
transforming...✓ 332 modules transformed.
rendering chunks...
computing gzip size...
✓ built in 1.18s
[0m
  Route (app)
  ─ ? /

  ? Unknown

  ? Some routes could not be classified. vinext currently uses static analysis
    and cannot detect dynamic API usage (headers(), cookies(), etc.) at build time.
    Automatic classification will be improved in a future release.
  Build complete. Run `vinext start` to start the production server.

