
> sites-project@0.1.0 build
> vinext build


  vinext build  (Vite 8.0.13)

[1/5] analyze client references...
[2K
transforming...✓ 229 modules transformed.
rendering chunks...
✓ built in 2.20s
[2/5] analyze server references...
[2K
transforming...✓ 335 modules transformed.
rendering chunks...
✓ built in 970ms
[3/5] build rsc environment...
[2K
transforming...✓ 226 modules transformed.
rendering chunks...
computing gzip size...
✓ built in 1.55s
[4/5] build client environment...
[2K
transforming...✓ 2128 modules transformed.
rendering chunks...
computing gzip size...
[PLUGIN_TIMINGS] Your build spent significant time in plugins. Here is a breakdown:
  - vinext:css-data-url (15%)
  - vinext:og-inline-fetch-assets (13%)
  - alias (12%)
  - vinext:middleware-server-only (10%)
  - rsc:virtual-client-package (10%)
See https://rolldown.rs/options/checks#plugintimings for more details.

✓ built in 5.12s
[5/5] build ssr environment...
[2K
transforming...✓ 343 modules transformed.
rendering chunks...
computing gzip size...
✓ built in 1.55s
[0m
  Route (app)
  ─ ? /

  ? Unknown

  ? Some routes could not be classified. vinext currently uses static analysis
    and cannot detect dynamic API usage (headers(), cookies(), etc.) at build time.
    Automatic classification will be improved in a future release.
  Build complete. Run `vinext start` to start the production server.

