record-401902644 basketball standard 80
record-401881922 hockey extended 79
record-401857190 basketball extended 115
record-401884790 soccer extended 111
record-401879275 soccer extended 110
record-761815 soccer standard 67
record-401876453 soccer standard 67
record-401857191 basketball compact 52
record-401857192 basketball standard 85
record-401857193 basketball extended 115
record-401857194 basketball compact 51
record-401881923 hockey compact 52
record-401886427 hockey extended 78
record-401878099 hockey standard 64
record-401886258 hockey extended 78
record-401879412 hockey compact 51
record-401879652 hockey standard 65
record-401879269 soccer compact 47
record-401879274 soccer standard 67
record-401878778 soccer extended 107
record-401879271 soccer standard 68
record-401879270 soccer compact 46
record-761818 soccer standard 67
record-761819 soccer extended 110
record-761816 soccer extended 110
record-761817 soccer compact 49
record-761822 soccer standard 67
record-761820 soccer extended 109
record-761821 soccer compact 47
record-761823 soccer extended 108
record-761824 soccer compact 46
record-761826 soccer extended 109
record-761827 soccer compact 47
record-761825 soccer standard 67
record-761828 soccer standard 67
record-401884786 soccer extended 110
record-401884787 soccer compact 47
record-401884785 soccer standard 67
record-401884784 soccer compact 46
record-401884789 soccer extended 110
record-401876451 soccer extended 111
record-401876457 soccer extended 108
record-401876455 soccer compact 47
record-401876454 soccer extended 108
record-401876450 soccer standard 67
aldebaran-r15-baseball-01 baseball standard 65
aldebaran-r15-baseball-02 baseball extended 102
aldebaran-r15-baseball-03 baseball compact 26
aldebaran-r15-baseball-04 baseball standard 67
aldebaran-r15-baseball-05 baseball extended 102
aldebaran-r15-baseball-06 baseball compact 25
aldebaran-r15-baseball-07 baseball standard 65
aldebaran-r15-baseball-08 baseball extended 102
aldebaran-r15-baseball-09 baseball compact 26
aldebaran-r15-baseball-10 baseball compact 26
aldebaran-r15-baseball-11 baseball standard 67
aldebaran-r15-baseball-12 baseball extended 102
aldebaran-r15-baseball-13 baseball compact 29
aldebaran-r15-baseball-14 baseball standard 65
aldebaran-r15-baseball-15 baseball extended 102
aldebaran-r15-baseball-16 baseball compact 26
[{"sport": "soccer", "fixtureCount": 32, "minMarkets": 46, "medianMarkets": 67.0, "maxMarkets": 111, "distinctMarketCounts": [46, 47, 49, 67, 68, 107, 108, 109, 110, 111]}, {"sport": "basketball", "fixtureCount": 6, "minMarkets": 51, "medianMarkets": 82.5, "maxMarkets": 115, "distinctMarketCounts": [51, 52, 80, 85, 115]}, {"sport": "baseball", "fixtureCount": 16, "minMarkets": 25, "medianMarkets": 65.0, "maxMarkets": 102, "distinctMarketCounts": [25, 26, 29, 65, 67, 102]}, {"sport": "hockey", "fixtureCount": 7, "minMarkets": 51, "medianMarkets": 65, "maxMarkets": 79, "distinctMarketCounts": [51, 52, 64, 65, 78, 79]}]
