aerender version 25.4x86
PROGRESS: Launching After Effects...
PROGRESS: Adding specified comp to Render Queue
PROGRESS:  2026-09-11 ¿ÀÈÄ 12:37:18: Starting composition ¡°TITAN_TwoCuts_75x32_3s_v001¡±.

PROGRESS:  Render Settings: Best Settings
PROGRESS:  Quality: Best
PROGRESS:  Resolution: Full
PROGRESS:  Size: 2400 x 1024
PROGRESS:  Proxy Use: Use No Proxies
PROGRESS:  Effects: Current Settings
PROGRESS:  Disk Cache: Read Only
PROGRESS:  Color Depth: Current Settings
PROGRESS:  Frame Blending: On for Checked Layers
PROGRESS:  Field Render: Off
PROGRESS:  Pulldown: Off
PROGRESS:  Motion Blur: On for Checked Layers
PROGRESS:   
PROGRESS:  Solos: Current Settings
PROGRESS:  Time Span: Custom
PROGRESS:  Start: 00000
PROGRESS:  End: 00089
PROGRESS:  Duration: 00090
PROGRESS:  Frame Rate: 30.00 (comp)
PROGRESS:  Guide Layers: All Off
PROGRESS:  Skip Existing Files: Off
PROGRESS:  
PROGRESS:  Output Module: PNG Image
PROGRESS:  Output To: E:\codexwork\Site-Skin-edit\generated-images\titan-ae-two-cuts-20260911-114818\ae-output-v002\frames\frame-[###].png
PROGRESS:  Format: PNG
PROGRESS:  Output Info: -
PROGRESS:  Start Frame: 0
PROGRESS:  Output Audio: -
PROGRESS:  Channels: RGB + Alpha
PROGRESS:  Depth: Millions of Colors+
PROGRESS:  Color: Straight
PROGRESS:  Resize: -
PROGRESS:  Crop: -
PROGRESS:  Final Size: 2400 x 1024
PROGRESS:  Profile: -
PROGRESS:  Embed Profile: 
PROGRESS:   
PROGRESS:  Post-Render Action: None
PROGRESS:   
PROGRESS:   
PROGRESS:   
PROGRESS:  
PROGRESS:  00000 (1): 0 Seconds
PROGRESS:  00001 (2): 0 Seconds
PROGRESS:  00002 (3): 0 Seconds
PROGRESS:  00003 (4): 0 Seconds
PROGRESS:  00004 (5): 0 Seconds
PROGRESS:  00005 (6): 0 Seconds
PROGRESS:  00006 (7): 0 Seconds
PROGRESS:  00007 (8): 0 Seconds
PROGRESS:  00008 (9): 1 Seconds
PROGRESS:  00009 (10): 0 Seconds
PROGRESS:  00010 (11): 0 Seconds
PROGRESS:  00011 (12): 0 Seconds
PROGRESS:  00012 (13): 0 Seconds
PROGRESS:  00013 (14): 0 Seconds
PROGRESS:  00014 (15): 0 Seconds
PROGRESS:  00015 (16): 0 Seconds
PROGRESS:  00016 (17): 0 Seconds
PROGRESS:  00017 (18): 0 Seconds
PROGRESS:  00018 (19): 0 Seconds
PROGRESS:  00019 (20): 0 Seconds
PROGRESS:  00020 (21): 0 Seconds
PROGRESS:  00021 (22): 0 Seconds
PROGRESS:  00022 (23): 1 Seconds
PROGRESS:  00023 (24): 0 Seconds
PROGRESS:  00024 (25): 0 Seconds
PROGRESS:  00025 (26): 0 Seconds
PROGRESS:  00026 (27): 0 Seconds
PROGRESS:  00027 (28): 0 Seconds
PROGRESS:  00028 (29): 0 Seconds
PROGRESS:  00029 (30): 0 Seconds
PROGRESS:  00030 (31): 0 Seconds
PROGRESS:  00031 (32): 0 Seconds
PROGRESS:  00032 (33): 0 Seconds
PROGRESS:  00033 (34): 0 Seconds
PROGRESS:  00034 (35): 0 Seconds
PROGRESS:  00035 (36): 0 Seconds
PROGRESS:  00036 (37): 1 Seconds
PROGRESS:  00037 (38): 0 Seconds
PROGRESS:  00038 (39): 0 Seconds
PROGRESS:  00039 (40): 0 Seconds
PROGRESS:  00040 (41): 0 Seconds
PROGRESS:  00041 (42): 0 Seconds
PROGRESS:  00042 (43): 0 Seconds
PROGRESS:  00043 (44): 0 Seconds
PROGRESS:  00044 (45): 0 Seconds
PROGRESS:  00045 (46): 0 Seconds
PROGRESS:  00046 (47): 0 Seconds
PROGRESS:  00047 (48): 0 Seconds
PROGRESS:  00048 (49): 0 Seconds
PROGRESS:  00049 (50): 1 Seconds
PROGRESS:  00050 (51): 0 Seconds
PROGRESS:  00051 (52): 0 Seconds
PROGRESS:  00052 (53): 0 Seconds
PROGRESS:  00053 (54): 0 Seconds
PROGRESS:  00054 (55): 0 Seconds
PROGRESS:  00055 (56): 0 Seconds
PROGRESS:  00056 (57): 0 Seconds
PROGRESS:  00057 (58): 0 Seconds
PROGRESS:  00058 (59): 0 Seconds
PROGRESS:  00059 (60): 0 Seconds
PROGRESS:  00060 (61): 0 Seconds
PROGRESS:  00061 (62): 0 Seconds
PROGRESS:  00062 (63): 1 Seconds
PROGRESS:  00063 (64): 0 Seconds
PROGRESS:  00064 (65): 0 Seconds
PROGRESS:  00065 (66): 0 Seconds
PROGRESS:  00066 (67): 0 Seconds
PROGRESS:  00067 (68): 0 Seconds
PROGRESS:  00068 (69): 0 Seconds
PROGRESS:  00069 (70): 0 Seconds
PROGRESS:  00070 (71): 0 Seconds
PROGRESS:  00071 (72): 0 Seconds
PROGRESS:  00072 (73): 0 Seconds
PROGRESS:  00073 (74): 0 Seconds
PROGRESS:  00074 (75): 0 Seconds
PROGRESS:  00075 (76): 0 Seconds
PROGRESS:  00076 (77): 1 Seconds
PROGRESS:  00077 (78): 0 Seconds
PROGRESS:  00078 (79): 0 Seconds
PROGRESS:  00079 (80): 0 Seconds
PROGRESS:  00080 (81): 0 Seconds
PROGRESS:  00081 (82): 0 Seconds
PROGRESS:  00082 (83): 0 Seconds
PROGRESS:  00083 (84): 0 Seconds
PROGRESS:  00084 (85): 0 Seconds
PROGRESS:  00085 (86): 0 Seconds
PROGRESS:  00086 (87): 0 Seconds
PROGRESS:  00087 (88): 0 Seconds
PROGRESS:  00088 (89): 0 Seconds
PROGRESS:  00089 (90): 0 Seconds
