

> sites-project@0.1.0 build
> vinext build
  vinext build  (Vite 8.0.13)[1/5] analyze client references...
transforming (31) node_modules\react\react.react-server.jstransforming (84) node_modules\vinext\dist\utils\prerender-output-paths.js                                                                                      transforming (152) node_modules\vinext\dist\shims\internal\app-page-props-cache-                                                                                ✓ 233 modules transformed.
✓ built in 632ms
[2/5] analyze server references...
transforming (60) node_modules\vinext\dist\server\normalize-path.jstransforming (151) node_modules\@base-ui\react\internals\reasons.mjs                                                                                            transforming (249) node_modules\@base-ui\utils\store\createSelectorMemoized.mjs                                                                                 ✓ 282 modules transformed.
✓ built in 375ms
[3/5] build rsc environment...
transforming (68) app\page.tsxtransforming (195) node_modules\vinext\dist\utils\compare.js✓ 230 modules transformed.
rendering chunks (35)...computing gzip size...
✓ built in 1.16s
[4/5] build client environment...
transforming (67) node_modules\vinext\dist\server\static-layout-client-reuse-pro                                                                                transforming (93) node_modules\vinext\dist\shims\internal\app-prefetch-fetch-que                                                                                transforming (136) app\match-records.json                                                                                                                       transforming (175) node_modules\@base-ui\react\internals\createBaseUIEventDetail                                                                                transforming (225) node_modules\@base-ui\react\utils\popups\inlineRect.mjs                                                                                      transforming (246) node_modules\@base-ui\react\floating-ui-react\hooks\useListNa                                                                                transforming (264) node_modules\lucide-react\dist\esm\icons\axis-3d.mjs                                                                                         transforming (887) node_modules\lucide-react\dist\esm\icons\coffee.mjs                                                                                          transforming (1232) node_modules\lucide-react\dist\esm\icons\lamp-floor.mjs                                                                                     transforming (2028) node_modules\@base-ui\react\floating-ui-react\utils\composit                                                                                ✓ 2075 modules transformed.
rendering chunks (8)...computing gzip size...
[plugin builtin:vite-reporter]
(!) Some chunks are larger than 500 kB after minification. Consider:
- Using dynamic import() to code-split the application
- Use build.rolldownOptions.output.codeSplitting to improve chunking: https://ro
olldown.rs/reference/OutputOptions.codeSplitting
- Adjust chunk size limit for this warning via build.chunkSizeWarningLimit.     
[PLUGIN_TIMINGS] Your build spent significant time in plugins. Here is a breakdo
own:
  - vinext:css-data-url (15%)
  - vinext:og-inline-fetch-assets (12%)
  - alias (10%)
  - vinext:middleware-server-only (10%)
  - rsc:virtual-client-package (9%)
See https://rolldown.rs/options/checks#plugintimings for more details.

✓ built in 3.13s
[5/5] build ssr environment...
transforming (44) node_modules\vinext\dist\server\next-error-digest.js                                                                                          transforming (118) app\tracker-demo.ts                                                                                                                          transforming (211) node_modules\@base-ui\react\internals\stateAttributesMapping.                                                                                ✓ 290 modules transformed.
rendering chunks (9)...computing gzip size...
✓ built in 840ms

  Route (app)
  ─ ? /

  ? Unknown

  ? Some routes could not be classified. vinext currently uses static analysis  
    and cannot detect dynamic API usage (headers(), cookies(), etc.) at build ti
ime.
    Automatic classification will be improved in a future release.

  Build complete. Run `vinext start` to start the production server.

tar (child): Cannot connect to E: resolve failed
tar: E\:/codexwork/Site-Skin-edit/demo-sites/sports-demo-03/runs/r10/public/alde
ebaran-r10.tar.gz: Cannot write: Broken pipe
tar: Child returned status 128
tar: Error is not recoverable: exiting now
Site preparation command failed.

