
node:internal/modules/cjs/loader:1459
  throw err;
  ^Error: Cannot find module 'E:\codexwork\Site-Skin-edit\demo-sites\sports-demo-03\site\node_modules\npm\bin\npm-prefix.js'
    at Module._resolveFilename (node:internal/modules/cjs/loader:1456:15)
    at defaultResolveImpl (node:internal/modules/cjs/loader:1066:19)
    at resolveForCJSWithHooks (node:internal/modules/cjs/loader:1071:22)
    at Module._load (node:internal/modules/cjs/loader:1242:25)
    at wrapModuleLoad (node:internal/modules/cjs/loader:255:19)
    at Module.executeUserEntryPoint [as runMain] (node:internal/modules/run_main:154:5)
    at node:internal/main/run_main_module:33:47 {
  code: 'MODULE_NOT_FOUND',
  requireStack: []
}

Node.js v24.14.0
node:internal/modules/cjs/loader:1459
  throw err;
  ^

Error: Cannot find module 'E:\codexwork\Site-Skin-edit\demo-sites\sports-demo-03
3\site\node_modules\npm\bin\npm-cli.js'
    at Module._resolveFilename (node:internal/modules/cjs/loader:1456:15)       
    at defaultResolveImpl (node:internal/modules/cjs/loader:1066:19)
    at resolveForCJSWithHooks (node:internal/modules/cjs/loader:1071:22)        
    at Module._load (node:internal/modules/cjs/loader:1242:25)
    at wrapModuleLoad (node:internal/modules/cjs/loader:255:19)
    at Module.executeUserEntryPoint [as runMain] (node:internal/modules/run_main
n:154:5)
    at node:internal/main/run_main_module:33:47 {
  code: 'MODULE_NOT_FOUND',
  requireStack: []
}

Node.js v24.14.0
Site preparation command failed.

